/home/lee/miniconda3/envs/boundflow/lib/python3.12/site-packages/torch/jit/_script.py:1488: DeprecationWarning: `torch.jit.script` is deprecated. Please switch to `torch.compile` or `torch.export`.
  warnings.warn(
W0804 12:41:06.477000 157557 site-packages/torch/utils/cpp_extension.py:140] No CUDA runtime is found, using CUDA_HOME='/opt/cuda'
Adding complete_verifier to sys.path
INFO     12:41:06     [tensor_storage.py:70] Hugepage enabled for branch-and-bound domains.
/home/lee/miniconda3/envs/boundflow/lib/python3.12/site-packages/onnx2pytorch/convert/layer.py:29: UserWarning: The given NumPy array is not writable, and PyTorch does not support non-writable tensors. This means writing to this tensor will result in undefined behavior. You may want to copy the array to protect its data or make it writable before converting it to a tensor. This type of warning will be suppressed for the rest of this program. (Triggered internally at /pytorch/torch/csrc/utils/tensor_numpy.cpp:213.)
  layer.weight.data = torch.from_numpy(numpy_helper.to_array(weight))
/home/lee/miniconda3/envs/boundflow/lib/python3.12/site-packages/onnx2pytorch/convert/model.py:151: UserWarning: Using experimental implementation that allows 'batch_size > 1'.Batchnorm layers could potentially produce false outputs.
  warnings.warn(
Precompiled vnnlib file found at /tmp/boundflow-nrir8-vnncomp.oSGXiS/benchmarks/oval21/vnnlib/cifar_base_kw-img4549-eps0.00392156862745098.vnnlib.compiled
Loading onnx /tmp/boundflow-nrir8-vnncomp.oSGXiS/benchmarks/oval21/nets/cifar_base_kw.onnx with quirks {}
Finished onnx model loading in 0.0084 seconds
Model: BoundedModule(
  (/input-1): BoundInput(name=/input-1, inputs=[], perturbed=True)
  (/9): BoundParams(name=/9, inputs=[], perturbed=False)
  (/10): BoundParams(name=/10, inputs=[], perturbed=False)
  (/11): BoundParams(name=/11, inputs=[], perturbed=False)
  (/12): BoundParams(name=/12, inputs=[], perturbed=False)
  (/13): BoundParams(name=/13, inputs=[], perturbed=False)
  (/14): BoundParams(name=/14, inputs=[], perturbed=False)
  (/15): BoundParams(name=/15, inputs=[], perturbed=False)
  (/16): BoundParams(name=/16, inputs=[], perturbed=False)
  (/input): BoundConv(name=/input, inputs=[/input-1, /9, /10], perturbed=True)
  (/input-4): BoundRelu(name=/input-4, inputs=[/input], perturbed=True)
  (/input-8): BoundConv(name=/input-8, inputs=[/input-4, /11, /12], perturbed=True)
  (/20): BoundRelu(name=/20, inputs=[/input-8], perturbed=True)
  (/21): BoundFlatten(name=/21, inputs=[/20], perturbed=True)
  (/input-12): BoundLinear(name=/input-12, inputs=[/21, /13, /14], perturbed=True)
  (/23): BoundRelu(name=/23, inputs=[/input-12], perturbed=True)
  (/24): BoundLinear(name=/24, inputs=[/23, /15, /16], perturbed=True)
)
Original output in the first batch: tensor([[ 1.37878096,  3.18027043, -0.94968539, -0.47627267, -0.64224029,
         -1.65903580, -1.38990796, -1.65922320, -0.83968645,  3.05706739]])
Split layers:
Nonlinear functions:
   BoundRelu(name=/input-4, inputs=[/input], perturbed=True)
   BoundRelu(name=/20, inputs=[/input-8], perturbed=True)
   BoundRelu(name=/23, inputs=[/input-12], perturbed=True)
build batch [1/1]
layer /input-4 using sparse-features alpha with shape [40]; unstable size 40; total size 2048 ([1, 8, 16, 16])
layer /input-4 start_node /input-8 using sparse-spec alpha [2, 28, 1, 40] with unstable size 27 total_size 1024 output_shape (16, 8, 8)
layer /input-4 start_node /input-12 using sparse-spec alpha [2, 4, 1, 40] with unstable size 3 total_size 100 output_shape torch.Size([100])
layer /input-4 start_node /24 using full alpha [2, 9, 1, 40] with unstable size None total_size 9 output_shape 9
layer /20 using sparse-features alpha with shape [27]; unstable size 27; total size 1024 ([1, 16, 8, 8])
layer /20 start_node /input-12 using sparse-spec alpha [2, 4, 1, 27] with unstable size 3 total_size 100 output_shape torch.Size([100])
layer /20 start_node /24 using full alpha [2, 9, 1, 27] with unstable size None total_size 9 output_shape 9
layer /23 using sparse-features alpha with shape [3]; unstable size 3; total size 100 ([1, 100])
layer /23 start_node /24 using full alpha [2, 9, 1, 3] with unstable size None total_size 9 output_shape 9
Optimizable variables initialized.
initial CROWN bounds (first 10 items): [1.5461307764053345, 3.8453872203826904, 3.377875804901123, 3.5290722846984863, 4.542346954345703, 4.283273220062256, 4.499307155609131, 3.7565884590148926, -0.0016708970069885254]
prune_after_crown optimization in use
  original spec size = torch.Size([1, 9])
  pruned spec size = torch.Size([1, 1])
Using alpha-CROWN to initialize bounds.
best_l after optimization: -0.0003134608268737793
alpha/beta optimization time: 0.2792220115661621
initial alpha-crown bounds (first 10 items): [-0.0003134608268737793]
Global lower bound: -0.0003134608268737793
8 / 9 OR specs are verified.
Verified OR indices (first 10 items): [0, 1, 2, 3, 4, 5, 6, 7]
Verified OR lbs (first 10 items): [[inf], [inf], [inf], [inf], [inf], [inf], [inf], [inf]]
Unverified OR indices (first 10 items): [8]
Unverified OR lbs (first 10 items): [[-0.0003134608268737793]]
###### Verifying property Instance 0 ######
Batch size: 1
First 10 spec matrices
C: tensor([[[ 0.,  1.,  0.,  0.,  0.,  0.,  0.,  0.,  0., -1.]]])
RHS: tensor([[0.]])
OR spec sizes: tensor([1], dtype=torch.int32)
Remaining timeout: 59.49284839630127
Model prediction is: tensor([ 1.37878096,  3.18027043, -0.94968539, -0.47627267, -0.64224029,
        -1.65903580, -1.38990796, -1.65922320, -0.83968645,  3.05706739])
Activation BaB batch 1/1 
build_with_refined_bounds batch [1/1]
Optimizable variables initialized.
all alpha initialized
directly get lb and ub from refined bounds
c shape: torch.Size([1, 1, 10])
lA shapes: [torch.Size([1, 1, 8, 16, 16]), torch.Size([1, 1, 16, 8, 8]), torch.Size([1, 1, 100])]
(alpha-)CROWN with fixed intermediate bounds: tensor([[-0.00031346]]) tensor([[inf]])
Intermediate layers: /input,/input-8,/input-12
Keeping alphas for these layers: ['/24']
Node /input-4 input 0: size torch.Size([8, 16, 16]) unstable 40
Node /20 input 0: size torch.Size([16, 8, 8]) unstable 26
Node /23 input 0: size torch.Size([100]) unstable 3
-----------------
# of unstable neurons: 69
-----------------

BaB round 1
batch: 1
splitting decisions: 
split level 0: [/input-8, 859] 
split level 1: [/input-12, 75] 

all verified at 0th iter
best_l after optimization: 0.036625027656555176
beta sum per layer: [0.0, 0.0, 0.0]
alpha/beta optimization time: 0.002306699752807617
pruning_in_iteration open status: False
ratio of positive domain = 4 / 4 = 1.0
pruning-in-iteration extra time: 1.6927719116210938e-05
Time: get_branching_decision.update_bounds 0.0078    pickout 0.0003    branching_decision 0.0000    decision 0.0000    set_bounds 0.0003    prepare 0.0002    transfer 0.0000    finalize 0.0001    func 0.0039    
Accumulated time: get_branching_decision.update_bounds 0.0078    bab_iteration 0.0000    pickout 0.0003    decision 0.0000    branching_decision 0.0000    set_bounds 0.0003    solve 0.0000    func 0.0039    prepare 0.0002    transfer 0.0000    finalize 0.0001    
max lb 0.013785392045974731 min lb 0.004521429538726807
Number of Verified Splits: 4 of 4
Current (lb-rhs): 1.0000000116860974e-07
4 domains visited
Length of domains: 0
Cumulative time: 0.01562643051147461

{"solver_status":"verified","status":"ok"}
